---
source: crates/rome_formatter_test/src/snapshot_builder.rs
info: js/explicit-resource-management/valid-await-using-binding-escaped.js
---

# Input

```js
async function f() {
  await using \u0061b = c;
}

```


# Prettier differences

```diff
--- Prettier
+++ Rome
@@ -1,3 +1,3 @@
 async function f() {
-  await using ab = c;
+  await using \u0061b = c;
 }
```

# Output

```js
async function f() {
  await using \u0061b = c;
}
```


